{
  "groups": {
    "2023_selection": {
      "deltas": {
        "wis_delta": -0.013281352525780665,
        "decomposition_delta": {
          "median_absolute_error_component": 0.0,
          "weighted_width_component": -0.008808366958453107,
          "underprediction_penalty_y_above_upper": 0.004319120932783221,
          "overprediction_penalty_y_below_lower": -0.00879210650011139
        },
        "quantile_wis_delta": [
          -0.0031522950347804973,
          -0.003075117888265068,
          -0.0023841878616552223,
          0.0007550465917243246,
          0.0,
          -0.0011346745039740036,
          -0.00223673786053738,
          -0.0013064364404053175,
          -0.000746949527887928
        ]
      },
      "selected_cdf": [
        0.02741835694652855,
        0.05009000823371232,
        0.11115228930495208,
        0.282524419808106,
        0.5272357160367125,
        0.7577043525983618,
        0.9004131921481586,
        0.9484441057445039,
        0.9706522789158877
      ],
      "reference_cdf": [
        0.02613562983151089,
        0.04657768590445281,
        0.08994736391360877,
        0.2482012652800541,
        0.5272357160367125,
        0.8292986146729533,
        0.9324913861963621,
        0.9560444962649701,
        0.9733796997184586
      ]
    },
    "2024": {
      "deltas": {
        "wis_delta": -0.01565782092155099,
        "decomposition_delta": {
          "median_absolute_error_component": 0.0,
          "weighted_width_component": -0.0007060645311985636,
          "underprediction_penalty_y_above_upper": -0.004465956009215663,
          "overprediction_penalty_y_below_lower": -0.01048580038113689
        },
        "quantile_wis_delta": [
          -0.0031816193378903946,
          -0.0032792076692966556,
          -0.0025611132419988206,
          -0.0007784489098002847,
          0.0,
          -0.00018051177087758524,
          -0.0015564821112855898,
          -0.001939455838787879,
          -0.0021809820416138215
        ]
      },
      "selected_cdf": [
        0.030932588881706913,
        0.05917747490909774,
        0.11707566246424513,
        0.25788608965845733,
        0.5125962799469347,
        0.7350178425456685,
        0.8968089292758293,
        0.9447074949436307,
        0.9704098019729103
      ],
      "reference_cdf": [
        0.026331171338392988,
        0.0495391266930847,
        0.10201281860725381,
        0.24943148570988666,
        0.5125962799469347,
        0.7632331298476597,
        0.9104994059500906,
        0.9485552632947492,
        0.9712019175892984
      ]
    },
    "2025": {
      "deltas": {
        "wis_delta": -0.013644097852556603,
        "decomposition_delta": {
          "median_absolute_error_component": 0.0,
          "weighted_width_component": -0.0033610892670394993,
          "underprediction_penalty_y_above_upper": 8.844112629528833e-05,
          "overprediction_penalty_y_below_lower": -0.010371449711813134
        },
        "quantile_wis_delta": [
          -0.004004680469221337,
          -0.003285426929369121,
          -0.001879493284114183,
          0.00017867500503259554,
          0.0,
          -0.0008527608393301134,
          -0.0017774885841380476,
          -0.001580849735652496,
          -0.00044207301576387054
        ]
      },
      "selected_cdf": [
        0.028662966256745363,
        0.05567825634045141,
        0.10651286323047197,
        0.25519648591878,
        0.52798449945635,
        0.7493895713354263,
        0.9048065091348643,
        0.9525803636367965,
        0.9785272056658377
      ],
      "reference_cdf": [
        0.02500467088938873,
        0.04669865289440077,
        0.09306374607673652,
        0.24460932876857763,
        0.52798449945635,
        0.7798795981570823,
        0.9227432624657184,
        0.95991172335412,
        0.9790112498972572
      ]
    },
    "2024_2025": {
      "deltas": {
        "wis_delta": -0.014650959387053297,
        "decomposition_delta": {
          "median_absolute_error_component": 0.0,
          "weighted_width_component": -0.002033576899119094,
          "underprediction_penalty_y_above_upper": -0.002188757441460132,
          "overprediction_penalty_y_below_lower": -0.010428625046474994
        },
        "quantile_wis_delta": [
          -0.003593149903555866,
          -0.003282317299332895,
          -0.002220303263056486,
          -0.0002998869523838585,
          0.0,
          -0.0005166363051038736,
          -0.0016669853477118066,
          -0.0017601527872201754,
          -0.001311527528688853
        ]
      },
      "selected_cdf": [
        0.029797777569226136,
        0.057427865624774574,
        0.11179426284735851,
        0.2565412877886189,
        0.5202903897016429,
        0.7422037069405476,
        0.9008077192053471,
        0.9486439292902142,
        0.9744685038193742
      ],
      "reference_cdf": [
        0.025667921113890855,
        0.04811888979374272,
        0.09753828234199516,
        0.24702040723923216,
        0.5202903897016429,
        0.7715563640023712,
        0.916621334207905,
        0.954233493324435,
        0.9751065837432783
      ]
    },
    "2026": {
      "deltas": {
        "wis_delta": -0.007591528280229354,
        "decomposition_delta": {
          "median_absolute_error_component": 0.0,
          "weighted_width_component": 0.0026609261334596956,
          "underprediction_penalty_y_above_upper": -0.002879432217559069,
          "overprediction_penalty_y_below_lower": -0.0073730221961303966
        },
        "quantile_wis_delta": [
          -0.001959749520570646,
          -0.001742677925847369,
          -0.0008277108652942622,
          0.0016404838476827763,
          0.0,
          0.00027058384315437056,
          -0.0014642077689339464,
          -0.0019196795279281947,
          -0.0015885703624922455
        ]
      },
      "selected_cdf": [
        0.02610929169608216,
        0.05243877153293878,
        0.09634174480008768,
        0.23897739610718846,
        0.4626356740228176,
        0.6974441496863775,
        0.8690870143908161,
        0.9312390847745454,
        0.9627292966007366
      ],
      "reference_cdf": [
        0.02124581231258196,
        0.04276458171426309,
        0.08987573943746077,
        0.2243828853027638,
        0.4626356740228176,
        0.7190135579703371,
        0.8830273527030863,
        0.9340054042139591,
        0.963023296041546
      ]
    },
    "2026_recent": {
      "deltas": {
        "wis_delta": -0.0026620110737007874,
        "decomposition_delta": {
          "median_absolute_error_component": 0.0,
          "weighted_width_component": 0.0026110856319878084,
          "underprediction_penalty_y_above_upper": -0.0018782275071218824,
          "overprediction_penalty_y_below_lower": -0.0033948691985667342
        },
        "quantile_wis_delta": [
          -0.0011964100188858514,
          -0.0008147857291610425,
          -0.00017682448847087737,
          0.0024381538793305513,
          0.0,
          0.0008415918605665443,
          -0.00124807733648407,
          -0.0013183821231061363,
          -0.0011872771174898274
        ]
      },
      "selected_cdf": [
        0.026354071847620966,
        0.059038426326994034,
        0.1076214524763827,
        0.2787961934928335,
        0.5041111544233777,
        0.7362782464484019,
        0.8898986674054419,
        0.942610358132055,
        0.9697117258936317
      ],
      "reference_cdf": [
        0.023687532936202207,
        0.051367907210886216,
        0.1037512596012748,
        0.24842839323176716,
        0.5041111544233777,
        0.7460149065276238,
        0.899214702769322,
        0.9462132151569694,
        0.972443925771277
      ]
    }
  }
}
