crossfit 6 4324
crossfit 11 4304
crossfit 16 4736
candidate_fitted quantile_hgb_l7_i100
candidate_fitted quantile_hgb_l15_i100
candidate_fitted quantile_hgb_l15_i200
{
  "selected": "quantile_hgb_l7_i100",
  "advancement_passed": true,
  "relative_wis_gain": {
    "global_empirical": 0.053540390072164934,
    "stratified_empirical": 0.03811501209343238
  },
  "metrics": {
    "global_empirical": {
      "rows": 20007,
      "events": 22,
      "wis": 0.35413373830413053,
      "point_mae": 0.512080723333514,
      "coverage": {
        "0.5": 0.608882951592406,
        "0.8": 0.8503161970603702,
        "0.9": 0.9160647838010576,
        "0.95": 0.9531948512231808
      },
      "mean_width_seconds": {
        "0.5": 0.6314973710091181,
        "0.8": 1.427030970572659,
        "0.9": 2.1538460337323073,
        "0.95": 3.1896835743488907
      },
      "pinball_by_quantile": {
        "0.025": 0.09779996714176856,
        "0.05": 0.12561780083030616,
        "0.1": 0.1589564231275171,
        "0.25": 0.21513303779889545,
        "0.5": 0.256040361666757,
        "0.75": 0.25348680615205377,
        "0.9": 0.20112646987419236,
        "0.95": 0.15909966462774452,
        "0.975": 0.1263412911493525
      }
    },
    "stratified_empirical": {
      "rows": 20007,
      "events": 22,
      "wis": 0.3484546323433944,
      "point_mae": 0.512080723333514,
      "coverage": {
        "0.5": 0.5810973493928976,
        "0.8": 0.842544022282751,
        "0.9": 0.9094668103605151,
        "0.95": 0.9472440698869456
      },
      "mean_width_seconds": {
        "0.5": 0.605142769514517,
        "0.8": 1.3737388090061853,
        "0.9": 1.996025823000055,
        "0.95": 2.9627915863378105
      },
      "pinball_by_quantile": {
        "0.025": 0.09276392057567281,
        "0.05": 0.12077721457694399,
        "0.1": 0.15503268805465395,
        "0.25": 0.21388689818163578,
        "0.5": 0.256040361666757,
        "0.75": 0.2500048801348113,
        "0.9": 0.1986007588056996,
        "0.95": 0.15676263861887932,
        "0.975": 0.12417648493022124
      }
    },
    "quantile_hgb_l7_i100": {
      "rows": 20007,
      "events": 22,
      "wis": 0.3351732798176134,
      "point_mae": 0.512080723333514,
      "coverage": {
        "0.5": 0.47517993279025583,
        "0.8": 0.7892609028432048,
        "0.9": 0.8983540975107893,
        "0.95": 0.9432339219693564
      },
      "mean_width_seconds": {
        "0.5": 0.5121434322859483,
        "0.8": 1.1995198750574845,
        "0.9": 2.0160479145621344,
        "0.95": 2.9641104587726432
      },
      "pinball_by_quantile": {
        "0.025": 0.0785785929191606,
        "0.05": 0.10693918407975128,
        "0.1": 0.14430384267720553,
        "0.25": 0.21728460784439535,
        "0.5": 0.256040361666757,
        "0.75": 0.24489884486692848,
        "0.9": 0.18853543843328133,
        "0.95": 0.15088367463705546,
        "0.975": 0.12081521205472558
      }
    },
    "quantile_hgb_l15_i100": {
      "rows": 20007,
      "events": 22,
      "wis": 0.33640983212328107,
      "point_mae": 0.512080723333514,
      "coverage": {
        "0.5": 0.48186565416620214,
        "0.8": 0.780268296518587,
        "0.9": 0.8844018680602733,
        "0.95": 0.9367989282238575
      },
      "mean_width_seconds": {
        "0.5": 0.5427727163679645,
        "0.8": 1.2096234192275013,
        "0.9": 1.9779831164250197,
        "0.95": 2.9178659455531406
      },
      "pinball_by_quantile": {
        "0.025": 0.07907913629693684,
        "0.05": 0.10689607110879513,
        "0.1": 0.14539586394080067,
        "0.25": 0.21699373180670498,
        "0.5": 0.256040361666757,
        "0.75": 0.24677851786688246,
        "0.9": 0.18910117877772487,
        "0.95": 0.15148809993582335,
        "0.975": 0.12207128315433963
      }
    },
    "quantile_hgb_l15_i200": {
      "rows": 20007,
      "events": 22,
      "wis": 0.33887618225191624,
      "point_mae": 0.512080723333514,
      "coverage": {
        "0.5": 0.46400777046135305,
        "0.8": 0.7614429721768158,
        "0.9": 0.8663390991237652,
        "0.95": 0.9246538896234895
      },
      "mean_width_seconds": {
        "0.5": 0.53193871793409,
        "0.8": 1.2240851085381594,
        "0.9": 1.9193538487884845,
        "0.95": 2.787733212095383
      },
      "pinball_by_quantile": {
        "0.025": 0.08001958272093046,
        "0.05": 0.10887733344349439,
        "0.1": 0.14924105572990132,
        "0.25": 0.2170192660782491,
        "0.5": 0.256040361666757,
        "0.75": 0.24745740389463658,
        "0.9": 0.1912119476702583,
        "0.95": 0.15196130138092795,
        "0.975": 0.12311456754846789
      }
    }
  }
}
