{
  "substantial_gate_passed": false,
  "gates": {
    "historical_10pct_vs_global_empirical": false,
    "historical_block3_upper_negative_vs_global_empirical": true,
    "each_year_wis_improves_vs_global_empirical": true,
    "historical_10pct_vs_stratified_empirical": false,
    "historical_block3_upper_negative_vs_stratified_empirical": true,
    "each_year_wis_improves_vs_stratified_empirical": true,
    "coverage_each_year": false,
    "point_unchanged": true
  },
  "summaries": {
    "2024": {
      "gains": {
        "global_empirical": 0.0762273600315172,
        "stratified_empirical": 0.05195604002492393
      },
      "candidate": {
        "rows": 22171,
        "events": 24,
        "wis": 0.28570889051449777,
        "point_mae": 0.4840928704958151,
        "coverage": {
          "0.5": 0.4771317528872099,
          "0.8": 0.7797332668115828,
          "0.9": 0.8855300200345315,
          "0.95": 0.9394772130912025
        },
        "mean_width_seconds": {
          "0.5": 0.5567465215563467,
          "0.8": 1.2341419977918726,
          "0.9": 1.9561728596426695,
          "0.95": 2.883384992872409
        },
        "pinball_by_quantile": {
          "0.025": 0.05686748534687314,
          "0.05": 0.08433311810742994,
          "0.1": 0.1242794152770223,
          "0.25": 0.1958957897157173,
          "0.5": 0.24204643524790756,
          "0.75": 0.22369059993559867,
          "0.9": 0.16103741553525516,
          "0.95": 0.11671824032303213,
          "0.975": 0.08082150782640386
        }
      }
    },
    "2025": {
      "gains": {
        "global_empirical": 0.08247460090939585,
        "stratified_empirical": 0.0512934696840347
      },
      "candidate": {
        "rows": 21663,
        "events": 24,
        "wis": 0.25235658286963947,
        "point_mae": 0.4340856839886926,
        "coverage": {
          "0.5": 0.49419308541664675,
          "0.8": 0.7982936459043914,
          "0.9": 0.8969021072963438,
          "0.95": 0.9498642394090906
        },
        "mean_width_seconds": {
          "0.5": 0.5247967166443651,
          "0.8": 1.174440951429834,
          "0.9": 1.8856537201256955,
          "0.95": 2.859448656604409
        },
        "pinball_by_quantile": {
          "0.025": 0.0497503808115193,
          "0.05": 0.07995233762190254,
          "0.1": 0.1191786818766264,
          "0.25": 0.18294336822220247,
          "0.5": 0.2170428419943463,
          "0.75": 0.19298443890340156,
          "0.9": 0.13333654814101567,
          "0.95": 0.0953035568430225,
          "0.975": 0.06511246849934078
        }
      }
    },
    "2024_2025": {
      "gains": {
        "global_empirical": 0.07916792046858634,
        "stratified_empirical": 0.05164540503930648
      },
      "candidate": {
        "rows": 43834,
        "events": 48,
        "wis": 0.2690327366920686,
        "point_mae": 0.4590892772422539,
        "coverage": {
          "0.5": 0.4856624191519283,
          "0.8": 0.7890134563579873,
          "0.9": 0.8912160636654377,
          "0.95": 0.9446707262501466
        },
        "mean_width_seconds": {
          "0.5": 0.5407716191003561,
          "0.8": 1.204291474610853,
          "0.9": 1.9209132898841823,
          "0.95": 2.871416824738409
        },
        "pinball_by_quantile": {
          "0.025": 0.053308933079196215,
          "0.05": 0.08214272786466625,
          "0.1": 0.12172904857682436,
          "0.25": 0.1894195789689599,
          "0.5": 0.22954463862112695,
          "0.75": 0.2083375194195001,
          "0.9": 0.14718698183813542,
          "0.95": 0.10601089858302731,
          "0.975": 0.07296698816287234
        }
      }
    },
    "2026": {
      "gains": {
        "global_empirical": 0.03958166539228092,
        "stratified_empirical": 0.026566200109611637
      },
      "candidate": {
        "rows": 11923,
        "events": 13,
        "wis": 0.278167377732184,
        "point_mae": 0.47554158184247963,
        "coverage": {
          "0.5": 0.45846675357918826,
          "0.8": 0.7727452695907272,
          "0.9": 0.8788003132416059,
          "0.95": 0.9366200049046541
        },
        "mean_width_seconds": {
          "0.5": 0.5727201650550965,
          "0.8": 1.2637829049130762,
          "0.9": 1.9343451403452563,
          "0.95": 2.8405767347208037
        },
        "pinball_by_quantile": {
          "0.025": 0.04835437504141844,
          "0.05": 0.07459266516127484,
          "0.1": 0.11412130653998644,
          "0.25": 0.19304639142197735,
          "0.5": 0.23777079092123982,
          "0.75": 0.2293364112231478,
          "0.9": 0.16223435789415314,
          "0.95": 0.11380324378051444,
          "0.975": 0.07849365781111553
        }
      }
    },
    "2026_recent": {
      "gains": {
        "global_empirical": 0.01729699718347677,
        "stratified_empirical": 0.010308535372310912
      },
      "candidate": {
        "rows": 3779,
        "events": 4,
        "wis": 0.2555716736892122,
        "point_mae": 0.4390994031134657,
        "coverage": {
          "0.5": 0.45748205295557104,
          "0.8": 0.7822772149290651,
          "0.9": 0.8835719318050684,
          "0.95": 0.9433576540460189
        },
        "mean_width_seconds": {
          "0.5": 0.5766111319482851,
          "0.8": 1.265518664359793,
          "0.9": 1.9066201032720944,
          "0.95": 2.728139741553185
        },
        "pinball_by_quantile": {
          "0.025": 0.04628448631964387,
          "0.05": 0.07212180448847623,
          "0.1": 0.10909306409416084,
          "0.25": 0.18454185625655756,
          "0.5": 0.21954970155673284,
          "0.75": 0.20939371827051,
          "0.9": 0.14277998323747146,
          "0.95": 0.09926469413475988,
          "0.975": 0.06704322324314205
        }
      }
    }
  }
}
