control 202201 7 {'1': 3, '2': 2, '6': 1, '4': 1}
control 202202 18 {'1': 7, '2': 7, '6': 2, '4': 1, '7': 1}
control 202204 8 {'1': 4, '2': 3, '4': 1}
control 202203 17 {'1': 7, '2': 5, '6': 2, '4': 2, '7': 1}
control 202206 8 {'2': 4, '1': 4}
control 202205 13 {'1': 6, '2': 5, '6': 1, '4': 1}
control 202207 31 {'1': 14, '2': 12, '5': 2, '4': 2, '6': 1}
control 202208 23 {'2': 10, '1': 9, '6': 2, '7': 2}
control 202209 13 {'2': 4, '1': 4, '6': 2, '7': 2, '4': 1}
control 202210 11 {'1': 5, '2': 4, '5': 1, '4': 1}
control 202211 9 {'1': 4, '2': 3, '6': 1, '7': 1}
control 202212 18 {'1': 8, '2': 7, '4': 1, '6': 1, '7': 1}
control 202213 19 {'1': 8, '2': 7, '6': 2, '7': 2}
control 202214 10 {'1': 5, '2': 4, '4': 1}
control 202215 14 {'1': 6, '2': 5, '6': 1, '7': 1, '4': 1}
control 202216 11 {'1': 4, '2': 4, '6': 1, '7': 1, '4': 1}
control 202217 31 {'1': 12, '2': 11, '6': 3, '7': 3, '4': 2}
control 202218 7 {'1': 3, '2': 2, '4': 1, '5': 1}
control 202219 17 {'1': 8, '2': 7, '4': 2}
control 202220 6 {'2': 2, '1': 2, '6': 1, '7': 1}
control 202221 10 {'1': 4, '2': 3, '4': 2, '6': 1}
control 202222 5 {'1': 3, '2': 2}
control 202301 11 {'1': 5, '2': 4, '6': 1, '7': 1}
control 202302 4 {'1': 2, '2': 1, '4': 1}
control 202303 23 {'1': 8, '2': 6, '5': 4, '4': 3, '6': 1, '7': 1}
control 202305 5 {'1': 3, '2': 2}
control 202304 18 {'1': 9, '2': 8, '4': 1}
control 202306 29 {'1': 15, '2': 14}
control 202307 1 {'1': 1}
control 202308 17 {'1': 8, '2': 6, '6': 1, '7': 1, '4': 1}
control 202309 9 {'1': 4, '2': 2, '4': 1, '6': 1, '7': 1}
control 202310 5 {'1': 2, '2': 1, '6': 1, '4': 1}
control 202311 5 {'1': 3, '2': 2}
control 202312 11 {'2': 6, '1': 5}
control 202313 16 {'1': 7, '2': 5, '4': 2, '6': 1, '5': 1}
control 202314 3 {'1': 2, '2': 1}
control 202315 20 {'1': 9, '2': 8, '4': 1, '6': 1, '7': 1}
control 202316 12 {'1': 6, '2': 3, '4': 1, '6': 1, '7': 1}
control 202318 7 {'1': 4, '2': 3}
control 202317 8 {'1': 4, '2': 3, '4': 1}
control 202319 21 {'1': 9, '2': 7, '4': 2, '6': 1, '7': 1, '5': 1}
control 202320 11 {'1': 5, '2': 4, '4': 1, '5': 1}
control 202321 24 {'1': 11, '2': 9, '4': 2, '6': 1, '7': 1}
control 202322 3 {'1': 2, '2': 1}
{"events": 44, "failed_events": []}
